<?xml version="1.0" encoding="UTF-8"?>
<beans xmlns="http://www.springframework.org/schema/beans"
       xmlns:xsi="http://www.w3.org/2001/XMLSchema-instance"
       xmlns:task="http://www.springframework.org/schema/task"
       xmlns:context="http://www.springframework.org/schema/context"
       xsi:schemaLocation="http://www.springframework.org/schema/beans            http://www.springframework.org/schema/beans/spring-beans.xsd            http://www.springframework.org/schema/task            http://www.springframework.org/schema/task/spring-task-3.0.xsd            http://www.springframework.org/schema/context            http://www.springframework.org/schema/context/spring-context.xsd">
    <context:annotation-config/>
    <context:property-placeholder location="classpath:init_test.properties"/>
    <context:component-scan base-package="com.wtlib.service"/>
    <property name="port" value="587"/>
    <context:annotation-config/>
    <bean class="pro.akvel.text.MainConfig"/>
    <bean class="pro.akvel.spring.converter.testbean.BeanWithoutId">
        <constructor-arg name="param1" ref="bean1"/>
    </bean>
</beans>
